C51 COMPILER V9.56.0.0   CMS8S003X_CLK                                                     05/29/2018 18:09:10 PAGE 1   


C51 COMPILER V9.56.0.0, COMPILATION OF MODULE CMS8S003X_CLK
OBJECT MODULE PLACED IN .\Objects\cms8s003x_clk.obj
COMPILER INVOKED BY: C:\Keil_v5\C51\BIN\C51.EXE ..\..\Libraries\CMS8S003x_StdPeriph_Driver\src\cms8s003x_clk.c OMF2 OPTI
                    -MIZE(8,SPEED) BROWSE INCDIR(..\..\Libraries\CMS8S003x_StdPeriph_Driver\inc) DEBUG PRINT(.\Listings\cms8s003x_clk.lst) TA
                    -BS(2) OBJECT(.\Objects\cms8s003x_clk.obj)

line level    source

   1          /**
   2            ******************************************************************************
   3            * @file    cms8s003x_clk.c
   4            * @author  LI WEI
   5            * @version V1.0.0
   6            * @date    04/24/2018
   7            * @brief   This file provides all the CLK firmware functions.
   8            ******************************************************************************
   9            * @copy
  10            *
  11            * THE PRESENT FIRMWARE WHICH IS FOR GUIDANCE ONLY AIMS AT PROVIDING CUSTOMERS
  12            * WITH CODING INFORMATION REGARDING THEIR PRODUCTS IN ORDER FOR THEM TO SAVE
  13            * TIME. AS A RESULT, CMSemicon SHALL NOT BE HELD LIABLE FOR ANY
  14            * DIRECT, INDIRECT OR CONSEQUENTIAL DAMAGES WITH RESPECT TO ANY CLAIMS ARISING
  15            * FROM THE CONTENT OF SUCH FIRMWARE AND/OR THE USE MADE BY CUSTOMERS OF THE
  16            * CODING INFORMATION CONTAINED HEREIN IN CONNECTION WITH THEIR PRODUCTS.
  17            *
  18            * <h2><center>&copy; COPYRIGHT 2018 CMSemicon</center></h2>
  19            */
  20          
  21          /* Includes ------------------------------------------------------------------*/
  22          
  23          #include "cms8s003x_clk.h"
  24          
  25          /** @addtogroup CMS8S003x_StdPeriph_Driver
  26            * @{
  27            */
  28          
  29          /* Private typedef -----------------------------------------------------------*/
  30          /* Private macro -------------------------------------------------------------*/
  31          /* Private Variables ---------------------------------------------------------*/
  32          /* Private function prototypes -----------------------------------------------*/
  33          /* Private functions ---------------------------------------------------------*/
  34          
  35          /**
  36            * @addtogroup CLK_Private_Constants
  37            * @{
  38            */
  39          uint32_t SystemClock = 0;
  40          #define HSI_CLOCK_FREQUENCY 16000000
  41          const uint8_t SYSDivFactor[5] =
  42            {
  43              1, 2, 4, 8, 16
  44            }
  45            ; /*!< Holds the different Master clock Divider factors */
  46          
  47          /**
  48            * @}
  49            */
  50          
  51          /**
  52            * @addtogroup CLK_Public_Functions
  53            * @{
C51 COMPILER V9.56.0.0   CMS8S003X_CLK                                                     05/29/2018 18:09:10 PAGE 2   

  54            */
  55          
  56          /**
  57            * @brief  Initializes the Systerm CLK registers to their values.
  58            * @param  Prescaler: Must ble even number.
  59            * @retval None
  60            */
  61          void CLK_SYSCLKDivConfig(uint16_t Prescaler)
  62          {
  63   1        uint16_t CLKDIV_Value = 0;
  64   1        if(0 != Prescaler%2)
  65   1        {
  66   2            while(1);
  67   2        }
  68   1        CLKDIV_Value = Prescaler/2;
  69   1        
  70   1        CLKDIV = (uint8_t)CLKDIV_Value;
  71   1        SystemClock = HSI_CLOCK_FREQUENCY / Prescaler;
  72   1      }
  73          
  74          /**
  75            * @brief  Deinitializes the CLK peripheral registers to their default reset values.
  76            * @param  None
  77            * @retval None
  78            */
  79          uint32_t getSystemClock(void)
  80          {
  81   1          return SystemClock;
  82   1      }
  83          /**
  84            * @}
  85            */
  86          
  87          /**
  88            * @}
  89            */
  90          
  91          /******************* (C) COPYRIGHT 2018 CMSemicon *****END OF FILE****/


MODULE INFORMATION:   STATIC OVERLAYABLE
   CODE SIZE        =     58    ----
   CONSTANT SIZE    =   ----    ----
   XDATA SIZE       =   ----    ----
   PDATA SIZE       =   ----    ----
   DATA SIZE        =      9    ----
   IDATA SIZE       =   ----    ----
   BIT SIZE         =   ----    ----
   EDATA SIZE       =   ----    ----
   HDATA SIZE       =   ----    ----
   XDATA CONST SIZE =   ----    ----
   FAR CONST SIZE   =   ----    ----
END OF MODULE INFORMATION.


C51 COMPILATION COMPLETE.  0 WARNING(S),  0 ERROR(S)
